{
    "Should run without failures": {
        "content": [
            {
                "0": [
                    
                ],
                "versions": [
                    
                ]
            }
        ],
        "timestamp": "2023-12-10T20:51:59.09991"
    }
}